[epoch   1/120] loss=0.3323 lr=8.00e-05
[epoch   2/120] loss=0.1868 lr=1.20e-04
[epoch   3/120] loss=0.1409 lr=1.60e-04
[epoch   4/120] loss=0.1223 lr=2.00e-04
[epoch   5/120] loss=0.1110 lr=2.00e-04
[val   5] RAW -> dPSNR=+3.10dB dSSIM=+0.133 composite=0.1773
[val   5] EMA -> dPSNR=-8.02dB dSSIM=-0.151 composite=0.0094
[epoch   6/120] loss=0.1006 lr=2.00e-04
[epoch   7/120] loss=0.0903 lr=2.00e-04
[epoch   8/120] loss=0.0852 lr=2.00e-04
[epoch   9/120] loss=0.0815 lr=1.99e-04
[epoch  10/120] loss=0.0763 lr=1.99e-04
[val  10] RAW -> dPSNR=+5.95dB dSSIM=+0.264 composite=0.3433
[val  10] EMA -> dPSNR=-5.96dB dSSIM=-0.083 composite=0.0082
[epoch  11/120] loss=0.0783 lr=1.99e-04
[epoch  12/120] loss=0.0734 lr=1.98e-04
[epoch  13/120] loss=0.0757 lr=1.98e-04
[epoch  14/120] loss=0.0694 lr=1.97e-04
[epoch  15/120] loss=0.0737 lr=1.96e-04
[val  15] RAW -> dPSNR=+6.74dB dSSIM=+0.299 composite=0.3892
[val  15] EMA -> dPSNR=-3.67dB dSSIM=-0.005 composite=0.0117
[epoch  16/120] loss=0.0736 lr=1.96e-04
[epoch  17/120] loss=0.0719 lr=1.95e-04
[epoch  18/120] loss=0.0713 lr=1.94e-04
[epoch  19/120] loss=0.0758 lr=1.93e-04
[epoch  20/120] loss=0.0731 lr=1.92e-04
[val  20] RAW -> dPSNR=+7.12dB dSSIM=+0.314 composite=0.4106
[val  20] EMA -> dPSNR=-1.43dB dSSIM=+0.071 composite=0.0396
[epoch  21/120] loss=0.0666 lr=1.91e-04
[epoch  22/120] loss=0.0700 lr=1.89e-04
[epoch  23/120] loss=0.0699 lr=1.88e-04
[epoch  24/120] loss=0.0708 lr=1.87e-04
[epoch  25/120] loss=0.0702 lr=1.85e-04
[val  25] RAW -> dPSNR=+6.73dB dSSIM=+0.318 composite=0.3967
[val  25] EMA -> dPSNR=+0.61dB dSSIM=+0.137 composite=0.0984
[epoch  26/120] loss=0.0700 lr=1.84e-04
[epoch  27/120] loss=0.0694 lr=1.82e-04
[epoch  28/120] loss=0.0694 lr=1.81e-04
[epoch  29/120] loss=0.0682 lr=1.79e-04
[epoch  30/120] loss=0.0704 lr=1.78e-04
[val  30] RAW -> dPSNR=+7.22dB dSSIM=+0.326 composite=0.4192
[val  30] EMA -> dPSNR=+2.43dB dSSIM=+0.192 composite=0.1819
[epoch  31/120] loss=0.0690 lr=1.76e-04
[epoch  32/120] loss=0.0699 lr=1.74e-04
[epoch  33/120] loss=0.0684 lr=1.72e-04
[epoch  34/120] loss=0.0657 lr=1.70e-04
[epoch  35/120] loss=0.0673 lr=1.68e-04
[val  35] RAW -> dPSNR=+7.15dB dSSIM=+0.330 composite=0.4179
[val  35] EMA -> dPSNR=+3.96dB dSSIM=+0.235 composite=0.2548
[epoch  36/120] loss=0.0661 lr=1.66e-04
[epoch  37/120] loss=0.0652 lr=1.64e-04
[epoch  38/120] loss=0.0649 lr=1.62e-04
[epoch  39/120] loss=0.0656 lr=1.60e-04
[epoch  40/120] loss=0.0676 lr=1.58e-04
[val  40] RAW -> dPSNR=+7.37dB dSSIM=+0.338 composite=0.4300
[val  40] EMA -> dPSNR=+5.06dB dSSIM=+0.267 composite=0.3094
[epoch  41/120] loss=0.0629 lr=1.55e-04
[epoch  42/120] loss=0.0637 lr=1.53e-04
[epoch  43/120] loss=0.0648 lr=1.51e-04
[epoch  44/120] loss=0.0616 lr=1.48e-04
[epoch  45/120] loss=0.0624 lr=1.46e-04
[val  45] RAW -> dPSNR=+7.69dB dSSIM=+0.355 composite=0.4496
[val  45] EMA -> dPSNR=+5.82dB dSSIM=+0.288 composite=0.3477
[epoch  46/120] loss=0.0594 lr=1.44e-04
[epoch  47/120] loss=0.0601 lr=1.41e-04
[epoch  48/120] loss=0.0584 lr=1.39e-04
[epoch  49/120] loss=0.0612 lr=1.36e-04
[epoch  50/120] loss=0.0600 lr=1.33e-04
[val  50] RAW -> dPSNR=+8.09dB dSSIM=+0.365 composite=0.4696
[val  50] EMA -> dPSNR=+6.42dB dSSIM=+0.302 composite=0.3775
[epoch  51/120] loss=0.0574 lr=1.31e-04
[epoch  52/120] loss=0.0594 lr=1.28e-04
[epoch  53/120] loss=0.0574 lr=1.26e-04
[epoch  54/120] loss=0.0585 lr=1.23e-04
[epoch  55/120] loss=0.0584 lr=1.20e-04
[val  55] RAW -> dPSNR=+8.03dB dSSIM=+0.369 composite=0.4690
[val  55] EMA -> dPSNR=+6.90dB dSSIM=+0.313 composite=0.4010
[epoch  56/120] loss=0.0573 lr=1.18e-04
[epoch  57/120] loss=0.0567 lr=1.15e-04
[epoch  58/120] loss=0.0583 lr=1.12e-04
[epoch  59/120] loss=0.0549 lr=1.10e-04
[epoch  60/120] loss=0.0583 lr=1.07e-04
[val  60] RAW -> dPSNR=+8.28dB dSSIM=+0.377 composite=0.4818
[val  60] EMA -> dPSNR=+7.27dB dSSIM=+0.324 composite=0.4204
[epoch  61/120] loss=0.0590 lr=1.04e-04
[epoch  62/120] loss=0.0576 lr=1.01e-04
[epoch  63/120] loss=0.0585 lr=9.86e-05
[epoch  64/120] loss=0.0578 lr=9.59e-05
[epoch  65/120] loss=0.0570 lr=9.32e-05
[val  65] RAW -> dPSNR=+8.21dB dSSIM=+0.379 composite=0.4799
[val  65] EMA -> dPSNR=+7.58dB dSSIM=+0.336 composite=0.4376
[epoch  66/120] loss=0.0583 lr=9.05e-05
[epoch  67/120] loss=0.0557 lr=8.77e-05
[epoch  68/120] loss=0.0560 lr=8.50e-05
[epoch  69/120] loss=0.0568 lr=8.23e-05
[epoch  70/120] loss=0.0542 lr=7.97e-05
[val  70] RAW -> dPSNR=+8.43dB dSSIM=+0.382 composite=0.4896
[val  70] EMA -> dPSNR=+7.85dB dSSIM=+0.348 composite=0.4532
[epoch  71/120] loss=0.0562 lr=7.70e-05
[epoch  72/120] loss=0.0558 lr=7.43e-05
[epoch  73/120] loss=0.0539 lr=7.17e-05
[epoch  74/120] loss=0.0560 lr=6.91e-05
[epoch  75/120] loss=0.0555 lr=6.65e-05
[val  75] RAW -> dPSNR=+8.46dB dSSIM=+0.383 composite=0.4917
[val  75] EMA -> dPSNR=+8.09dB dSSIM=+0.359 composite=0.4669
[epoch  76/120] loss=0.0551 lr=6.40e-05
[epoch  77/120] loss=0.0574 lr=6.14e-05
[epoch  78/120] loss=0.0572 lr=5.89e-05
[epoch  79/120] loss=0.0556 lr=5.64e-05
[epoch  80/120] loss=0.0550 lr=5.40e-05
[val  80] RAW -> dPSNR=+8.58dB dSSIM=+0.387 composite=0.4972
[val  80] EMA -> dPSNR=+8.27dB dSSIM=+0.368 composite=0.4778
[epoch  81/120] loss=0.0556 lr=5.16e-05
[epoch  82/120] loss=0.0546 lr=4.92e-05
[epoch  83/120] loss=0.0556 lr=4.69e-05
[epoch  84/120] loss=0.0556 lr=4.46e-05
[epoch  85/120] loss=0.0542 lr=4.23e-05
[val  85] RAW -> dPSNR=+8.57dB dSSIM=+0.388 composite=0.4983
[val  85] EMA -> dPSNR=+8.41dB dSSIM=+0.374 composite=0.4863
[epoch  86/120] loss=0.0551 lr=4.01e-05
[epoch  87/120] loss=0.0553 lr=3.80e-05
[epoch  88/120] loss=0.0527 lr=3.58e-05
[epoch  89/120] loss=0.0549 lr=3.38e-05
[epoch  90/120] loss=0.0546 lr=3.17e-05
[val  90] RAW -> dPSNR=+8.66dB dSSIM=+0.390 composite=0.5025
[val  90] EMA -> dPSNR=+8.51dB dSSIM=+0.379 composite=0.4922
[epoch  91/120] loss=0.0543 lr=2.98e-05
[epoch  92/120] loss=0.0561 lr=2.79e-05
[epoch  93/120] loss=0.0552 lr=2.60e-05
[epoch  94/120] loss=0.0559 lr=2.42e-05
[epoch  95/120] loss=0.0545 lr=2.24e-05
[val  95] RAW -> dPSNR=+8.65dB dSSIM=+0.391 composite=0.5015
[val  95] EMA -> dPSNR=+8.58dB dSSIM=+0.383 composite=0.4965
[epoch  96/120] loss=0.0550 lr=2.07e-05
[epoch  97/120] loss=0.0550 lr=1.91e-05
[epoch  98/120] loss=0.0546 lr=1.75e-05
[epoch  99/120] loss=0.0540 lr=1.60e-05
[epoch 100/120] loss=0.0545 lr=1.46e-05
[val 100] RAW -> dPSNR=+8.61dB dSSIM=+0.391 composite=0.5008
[val 100] EMA -> dPSNR=+8.63dB dSSIM=+0.386 composite=0.4992
[epoch 101/120] loss=0.0549 lr=1.32e-05
[epoch 102/120] loss=0.0540 lr=1.18e-05
[epoch 103/120] loss=0.0537 lr=1.06e-05
[epoch 104/120] loss=0.0558 lr=9.40e-06
[epoch 105/120] loss=0.0545 lr=8.28e-06
[val 105] RAW -> dPSNR=+8.59dB dSSIM=+0.391 composite=0.5002
[val 105] EMA -> dPSNR=+8.65dB dSSIM=+0.387 composite=0.5006
[epoch 106/120] loss=0.0526 lr=7.22e-06
[epoch 107/120] loss=0.0551 lr=6.24e-06
[epoch 108/120] loss=0.0545 lr=5.33e-06
[epoch 109/120] loss=0.0546 lr=4.48e-06
[epoch 110/120] loss=0.0544 lr=3.71e-06
[val 110] RAW -> dPSNR=+8.65dB dSSIM=+0.391 composite=0.5026
[val 110] EMA -> dPSNR=+8.67dB dSSIM=+0.388 composite=0.5017
[epoch 111/120] loss=0.0530 lr=3.01e-06
[epoch 112/120] loss=0.0529 lr=2.38e-06
[epoch 113/120] loss=0.0536 lr=1.82e-06
[epoch 114/120] loss=0.0546 lr=1.34e-06
[epoch 115/120] loss=0.0553 lr=9.31e-07
[val 115] RAW -> dPSNR=+8.71dB dSSIM=+0.391 composite=0.5041
[val 115] EMA -> dPSNR=+8.69dB dSSIM=+0.389 composite=0.5026
[epoch 116/120] loss=0.0527 lr=5.96e-07
[epoch 117/120] loss=0.0561 lr=3.36e-07
[epoch 118/120] loss=0.0544 lr=1.49e-07
[epoch 119/120] loss=0.0544 lr=3.73e-08
[epoch 120/120] loss=0.0546 lr=0.00e+00
[val 120] RAW -> dPSNR=+8.71dB dSSIM=+0.392 composite=0.5045
[val 120] EMA -> dPSNR=+8.70dB dSSIM=+0.390 composite=0.5032
[train_v2] finished. RAW best composite=0.5045, EMA best composite=0.5032
